{"steps":351,"daysDone":4,"level":1,"evidence":1,"scn":27,"dbWrites":0,"prompts":0}

TRACE
#day-4165 | Two weeks later
#day-4196 | Two weeks later
#day-4225 | Two weeks later
#day-4463 | Two weeks later
#day-4476 | Two weeks later
#day-4507 | Two weeks later
#day-4535 | Two weeks later
#day-4595 | Outstanding
#day-4153 | "How do you know him?"
#day-4184 | "How do you know him?"
#day-4502 | "How do you know him?"
#day-4514 | "How do you know him?"
#day-4543 | "How do you know him?"
#day-4692 | Outstanding
#day-4182 | The relationship log
#day-4213 | The relationship log
#day-4243 | The relationship log
#day-4742 | The relationship log
#day-4795 | The relationship log
#day-41258 | The relationship log
#day-4348 | Solid
#day-4624 | One investment. You can’t do everything.
#day-4147 | Protect the evening
#day-41194 | The day, settled
#today469 | The Lunch
ERRORS:
console: Failed to load resource: net::ERR_TOO_MANY_RETRIES
console: Failed to load resource: net::ERR_TOO_MANY_RETRIES
console: Failed to load resource: net::ERR_TOO_MANY_RETRIES
console: Failed to load resource: net::ERR_TOO_MANY_RETRIES
console: Failed to load resource: net::ERR_TOO_MANY_RETRIES
